// Jest Snapshot v1, https://goo.gl/fbAQLP

exports[`<Login/> Login should show SignupLoginForm with props 1`] = `
<Connect(SignupLoginForm)
  toLoginOrSignup={false}
/>
`;
