// Jest Snapshot v1, https://goo.gl/fbAQLP

exports[`<Signup/> Signup should show SignupLoginForm with props 1`] = `
<Connect(SignupLoginForm)
  toLoginOrSignup={false}
/>
`;
